// Jest Snapshot v1, https://goo.gl/fbAQLP

exports[`Test FetchMetaData 1`] = `
Object {
  "data": Object {
    "crawlUrl": Object {
      "canonicalUrl": "canonical-fine-url",
      "title": "Some og title",
      "videos": null,
    },
  },
}
`;

exports[`Video Suggestions Happy case 1`] = `
Object {
  "data": Object {
    "suggestVideo": Object {
      "accepted": true,
      "url": "blah",
    },
  },
}
`;
