// Jest Snapshot v1, https://goo.gl/fbAQLP

exports[`Test Blubb 1`] = `
Object {
  "data": Object {
    "test": Object {
      "test": "TEST: 5",
    },
  },
}
`;

exports[`Test FetchMetaData 1`] = `
Object {
  "data": Object {
    "crawlUrl": Object {
      "canonicalUrl": "canonical-fine-url",
      "title": "Some og title",
      "videos": null,
    },
  },
}
`;
